// Jest Snapshot v1, https://goo.gl/fbAQLP

exports[`snapshot tests compute for one button 1`] = `
Array [
  "a",
  "b",
  "c",
]
`;

exports[`snapshot tests compute for two buttons 1`] = `
Array [
  "ad",
  "ae",
  "af",
  "bd",
  "be",
  "bf",
  "cd",
  "ce",
  "cf",
]
`;

exports[`snapshot tests compute for two buttons 2`] = `
Array [
  "adg",
  "adh",
  "adi",
  "aeg",
  "aeh",
  "aei",
  "afg",
  "afh",
  "afi",
  "bdg",
  "bdh",
  "bdi",
  "beg",
  "beh",
  "bei",
  "bfg",
  "bfh",
  "bfi",
  "cdg",
  "cdh",
  "cdi",
  "ceg",
  "ceh",
  "cei",
  "cfg",
  "cfh",
  "cfi",
]
`;
